// Vitest Snapshot v1, https://vitest.dev/guide/snapshot.html

exports[`the activities > keep the full matrix stable 1`] = `
{
  "clear 05:30": {
    "Bici": "Ottime · dalle 8 alle 11",
    "Corsa": "Ottime · dalle 8 alle 9",
    "Passeggiata": "Ottime · dalle 8 alle 11",
    "Trekking": "Ottime · dalle 8 alle 9",
  },
  "clear 08:30": {
    "Bici": "Ottime · adesso, fino alle 11",
    "Corsa": "Ottime · adesso, fino alle 9",
    "Passeggiata": "Ottime · adesso, fino alle 11",
    "Trekking": "Ottime · adesso, fino alle 9",
  },
  "clear 13:00": {
    "Bici": "Ottime · domani dalle 8 alle 11",
    "Corsa": "Ottime · domani dalle 8 alle 9",
    "Passeggiata": "Ottime · dalle 18 alle 19",
    "Trekking": "Ottime · domani dalle 8 alle 9",
  },
  "clear 17:40": {
    "Bici": "Ottime · domani dalle 8 alle 11",
    "Corsa": "Ottime · domani dalle 8 alle 9",
    "Passeggiata": "Ottime · dalle 18 alle 19",
    "Trekking": "Ottime · domani dalle 8 alle 9",
  },
  "clear 22:30": {
    "Bici": "Ottime · domani dalle 8 alle 11",
    "Corsa": "Ottime · domani dalle 8 alle 9",
    "Passeggiata": "Ottime · domani dalle 8 alle 11",
    "Trekking": "Ottime · domani dalle 8 alle 9",
  },
  "cloudy 05:30": {
    "Bici": "Ottime · dalle 8 alle 19",
    "Corsa": "Ottime · dalle 8 alle 14",
    "Passeggiata": "Ottime · dalle 8 alle 19",
    "Trekking": "Ottime · dalle 8 alle 19",
  },
  "cloudy 08:30": {
    "Bici": "Ottime · adesso, fino alle 19",
    "Corsa": "Ottime · adesso, fino alle 14",
    "Passeggiata": "Ottime · adesso, fino alle 19",
    "Trekking": "Ottime · adesso, fino alle 19",
  },
  "cloudy 13:00": {
    "Bici": "Ottime · adesso, fino alle 19",
    "Corsa": "Ottime · adesso, fino alle 14",
    "Passeggiata": "Ottime · adesso, fino alle 19",
    "Trekking": "Ottime · adesso, fino alle 19",
  },
  "cloudy 17:40": {
    "Bici": "Ottime · adesso, fino alle 19",
    "Corsa": "Ottime · adesso, fino alle 19",
    "Passeggiata": "Ottime · adesso, fino alle 19",
    "Trekking": "Ottime · adesso, fino alle 19",
  },
  "cloudy 22:30": {
    "Bici": "Ottime · domani dalle 8 alle 19",
    "Corsa": "Ottime · domani dalle 8 alle 14",
    "Passeggiata": "Ottime · domani dalle 8 alle 19",
    "Trekking": "Ottime · domani dalle 8 alle 19",
  },
  "fog 05:30": {
    "Bici": "Buone · da mezzogiorno alle 18 · fa freddo",
    "Corsa": "Buone · dalle 9 alle 19 · aria scarsa",
    "Passeggiata": "Buone · dalle 11 alle 19 · fa freddo",
    "Trekking": "Ottime · dalle 10 alle 19",
  },
  "fog 08:30": {
    "Bici": "Buone · da mezzogiorno alle 18 · fa freddo",
    "Corsa": "Buone · da mezzogiorno alle 19 · aria scarsa",
    "Passeggiata": "Buone · da mezzogiorno alle 19 · fa freddo",
    "Trekking": "Ottime · da mezzogiorno alle 19",
  },
  "fog 13:00": {
    "Bici": "Buone · dalle 17 alle 19 · fa freddo",
    "Corsa": "Buone · dalle 17 alle 19 · aria scarsa",
    "Passeggiata": "Buone · dalle 17 alle 19 · fa freddo",
    "Trekking": "Ottime · dalle 17 alle 19",
  },
  "fog 17:40": {
    "Bici": "Buone · domani da mezzogiorno alle 17 · fa freddo",
    "Corsa": "Buone · domani dalle 8 alle 17 · aria scarsa",
    "Passeggiata": "Buone · domani dalle 11 alle 17 · fa freddo",
    "Trekking": "Ottime · domani dalle 10 alle 17",
  },
  "fog 22:30": {
    "Bici": "Buone · domani da mezzogiorno alle 18 · fa freddo",
    "Corsa": "Buone · domani dalle 8 alle 19 · aria scarsa",
    "Passeggiata": "Buone · domani dalle 11 alle 19 · fa freddo",
    "Trekking": "Ottime · domani dalle 10 alle 19",
  },
  "heavy-rain 05:30": {
    "Bici": "Scarse · pioggia",
    "Corsa": "Scarse · pioggia",
    "Passeggiata": "Scarse · pioggia",
    "Trekking": "Scarse · pioggia",
  },
  "heavy-rain 08:30": {
    "Bici": "Scarse · pioggia",
    "Corsa": "Scarse · pioggia",
    "Passeggiata": "Scarse · pioggia",
    "Trekking": "Scarse · pioggia",
  },
  "heavy-rain 13:00": {
    "Bici": "Scarse · pioggia",
    "Corsa": "Scarse · pioggia",
    "Passeggiata": "Scarse · pioggia",
    "Trekking": "Scarse · pioggia",
  },
  "heavy-rain 17:40": {
    "Bici": "Scarse · pioggia",
    "Corsa": "Scarse · pioggia",
    "Passeggiata": "Scarse · pioggia",
    "Trekking": "Scarse · pioggia",
  },
  "heavy-rain 22:30": {
    "Bici": "Scarse · pioggia",
    "Corsa": "Scarse · pioggia",
    "Passeggiata": "Scarse · pioggia",
    "Trekking": "Scarse · pioggia",
  },
  "partly-cloudy 05:30": {
    "Bici": "Ottime · dalle 8 alle 19",
    "Corsa": "Ottime · dalle 8 alle 9",
    "Passeggiata": "Ottime · dalle 8 alle 19",
    "Trekking": "Ottime · dalle 8 alle 10",
  },
  "partly-cloudy 08:30": {
    "Bici": "Ottime · adesso, fino alle 19",
    "Corsa": "Ottime · adesso, fino alle 9",
    "Passeggiata": "Ottime · adesso, fino alle 19",
    "Trekking": "Ottime · adesso, fino alle 10",
  },
  "partly-cloudy 13:00": {
    "Bici": "Ottime · adesso, fino alle 19",
    "Corsa": "Ottime · domani dalle 8 alle 9",
    "Passeggiata": "Ottime · adesso, fino alle 19",
    "Trekking": "Ottime · domani dalle 8 alle 10",
  },
  "partly-cloudy 17:40": {
    "Bici": "Ottime · adesso, fino alle 19",
    "Corsa": "Ottime · domani dalle 8 alle 9",
    "Passeggiata": "Ottime · adesso, fino alle 19",
    "Trekking": "Ottime · domani dalle 8 alle 10",
  },
  "partly-cloudy 22:30": {
    "Bici": "Ottime · domani dalle 8 alle 19",
    "Corsa": "Ottime · domani dalle 8 alle 9",
    "Passeggiata": "Ottime · domani dalle 8 alle 19",
    "Trekking": "Ottime · domani dalle 8 alle 10",
  },
  "rain-soon 05:30": {
    "Bici": "Ottime · dalle 9 alle 19",
    "Corsa": "Ottime · dalle 9 alle 14",
    "Passeggiata": "Ottime · dalle 9 alle 19",
    "Trekking": "Ottime · dalle 9 alle 19",
  },
  "rain-soon 08:30": {
    "Bici": "Ottime · da mezzogiorno alle 19",
    "Corsa": "Ottime · dalle 18 alle 19",
    "Passeggiata": "Ottime · da mezzogiorno alle 19",
    "Trekking": "Ottime · da mezzogiorno alle 19",
  },
  "rain-soon 13:00": {
    "Bici": "Ottime · dalle 17 alle 19",
    "Corsa": "Ottime · dalle 18 alle 19",
    "Passeggiata": "Ottime · dalle 17 alle 19",
    "Trekking": "Ottime · dalle 17 alle 19",
  },
  "rain-soon 17:40": {
    "Bici": "Ottime · domani dalle 8 alle 17",
    "Corsa": "Ottime · domani dalle 8 a mezzogiorno",
    "Passeggiata": "Ottime · domani dalle 8 alle 17",
    "Trekking": "Ottime · domani dalle 8 alle 17",
  },
  "rain-soon 22:30": {
    "Bici": "Ottime · domani dalle 8 alle 19",
    "Corsa": "Ottime · domani dalle 8 a mezzogiorno",
    "Passeggiata": "Ottime · domani dalle 8 alle 19",
    "Trekking": "Ottime · domani dalle 8 alle 19",
  },
  "smog 05:30": {
    "Bici": "Buone · dalle 11 alle 19 · aria inquinata",
    "Corsa": "Discrete · dalle 8 alle 19 · aria inquinata",
    "Passeggiata": "Buone · dalle 10 alle 19 · aria inquinata",
    "Trekking": "Buone · dalle 8 alle 19 · aria inquinata",
  },
  "smog 08:30": {
    "Bici": "Buone · dalle 11 alle 19 · aria inquinata",
    "Corsa": "Discrete · adesso, fino alle 19 · aria inquinata",
    "Passeggiata": "Buone · dalle 10 alle 19 · aria inquinata",
    "Trekking": "Buone · adesso, fino alle 19 · aria inquinata",
  },
  "smog 13:00": {
    "Bici": "Buone · adesso, fino alle 19 · aria inquinata",
    "Corsa": "Discrete · adesso, fino alle 19 · aria inquinata",
    "Passeggiata": "Buone · adesso, fino alle 19 · aria inquinata",
    "Trekking": "Buone · adesso, fino alle 19 · aria inquinata",
  },
  "smog 17:40": {
    "Bici": "Discrete · adesso, fino alle 19 · aria inquinata",
    "Corsa": "Discrete · adesso, fino alle 19 · aria inquinata",
    "Passeggiata": "Buone · adesso, fino alle 19 · aria inquinata",
    "Trekking": "Buone · adesso, fino alle 19 · aria inquinata",
  },
  "smog 22:30": {
    "Bici": "Buone · domani dalle 11 alle 19 · aria inquinata",
    "Corsa": "Discrete · domani dalle 8 alle 19 · aria inquinata",
    "Passeggiata": "Buone · domani dalle 10 alle 19 · aria inquinata",
    "Trekking": "Buone · domani dalle 8 alle 19 · aria inquinata",
  },
  "snow 05:30": {
    "Bici": "Scarse · neve",
    "Corsa": "Scarse · neve",
    "Passeggiata": "Scarse · neve",
    "Trekking": "Scarse · neve",
  },
  "snow 08:30": {
    "Bici": "Scarse · neve",
    "Corsa": "Scarse · neve",
    "Passeggiata": "Scarse · neve",
    "Trekking": "Scarse · neve",
  },
  "snow 13:00": {
    "Bici": "Scarse · neve",
    "Corsa": "Scarse · neve",
    "Passeggiata": "Scarse · neve",
    "Trekking": "Scarse · neve",
  },
  "snow 17:40": {
    "Bici": "Scarse · neve",
    "Corsa": "Scarse · neve",
    "Passeggiata": "Scarse · neve",
    "Trekking": "Scarse · neve",
  },
  "snow 22:30": {
    "Bici": "Scarse · neve",
    "Corsa": "Scarse · neve",
    "Passeggiata": "Scarse · neve",
    "Trekking": "Scarse · neve",
  },
  "storm 05:30": {
    "Bici": "Scarse · pioggia",
    "Corsa": "Scarse · pioggia",
    "Passeggiata": "Scarse · pioggia",
    "Trekking": "Scarse · pioggia",
  },
  "storm 08:30": {
    "Bici": "Scarse · temporali",
    "Corsa": "Scarse · temporali",
    "Passeggiata": "Scarse · temporali",
    "Trekking": "Scarse · temporali",
  },
  "storm 13:00": {
    "Bici": "Scarse · temporali",
    "Corsa": "Scarse · temporali",
    "Passeggiata": "Scarse · temporali",
    "Trekking": "Scarse · temporali",
  },
  "storm 17:40": {
    "Bici": "Scarse · temporali",
    "Corsa": "Scarse · temporali",
    "Passeggiata": "Scarse · temporali",
    "Trekking": "Scarse · temporali",
  },
  "storm 22:30": {
    "Bici": "Scarse · pioggia",
    "Corsa": "Scarse · pioggia",
    "Passeggiata": "Scarse · pioggia",
    "Trekking": "Scarse · pioggia",
  },
  "windy 05:30": {
    "Bici": "Scarse · vento",
    "Corsa": "Buone · dalle 8 alle 11 · vento",
    "Passeggiata": "Buone · dalle 8 alle 19 · vento",
    "Trekking": "Discrete · dalle 8 alle 19 · vento",
  },
  "windy 08:30": {
    "Bici": "Scarse · vento",
    "Corsa": "Buone · adesso, fino alle 11 · vento",
    "Passeggiata": "Buone · adesso, fino alle 19 · vento",
    "Trekking": "Discrete · adesso, fino alle 19 · vento",
  },
  "windy 13:00": {
    "Bici": "Scarse · vento",
    "Corsa": "Buone · domani dalle 8 alle 11 · vento",
    "Passeggiata": "Buone · adesso, fino alle 19 · vento",
    "Trekking": "Discrete · adesso, fino alle 19 · vento",
  },
  "windy 17:40": {
    "Bici": "Scarse · vento",
    "Corsa": "Buone · domani dalle 8 alle 11 · vento",
    "Passeggiata": "Buone · adesso, fino alle 19 · vento",
    "Trekking": "Discrete · adesso, fino alle 19 · vento",
  },
  "windy 22:30": {
    "Bici": "Scarse · vento",
    "Corsa": "Buone · domani dalle 8 alle 11 · vento",
    "Passeggiata": "Buone · domani dalle 8 alle 19 · vento",
    "Trekking": "Discrete · domani dalle 8 alle 19 · vento",
  },
}
`;
